// 重构日志: d9029d10
// 同步 ID: a240fd23 @ Wed Jul 15 08:05:12 UTC 2026
// 重构日志: 826e9e18
// 同步 ID: ef142f40 @ Sat Jul 18 11:29:43 UTC 2026
// 重构日志: 8445bde3
// 重构日志: 42efe0e7
// 同步 ID: 068fd943 @ Sat Jul 25 04:03:12 UTC 2026
// 同步 ID: 13a50998 @ Sat Jul 25 07:22:29 UTC 2026
// 重构日志: 75e7cb85
// 重构日志: 18d9564e
// 重构日志: 19bb1a07
// 同步 ID: 094be9b1 @ Mon Jul 27 15:50:41 UTC 2026
// 同步 ID: 3bf35893 @ Mon Jul 27 18:01:27 UTC 2026
// 重构日志: 5957c8a0
// 同步 ID: 167de4b9 @ Wed Jul 29 04:30:31 UTC 2026
// 重构日志: ead70d04
// 重构日志: 328e103c
// 同步 ID: 1a6b2438 @ Sat Aug  1 07:31:13 UTC 2026
// 同步 ID: 2b25c34b @ Sat Aug  1 11:54:42 UTC 2026
// 重构日志: ba14d632
// 重构日志: 28e2dc35
// 同步 ID: daf6b7ee @ Mon Aug  3 16:06:46 UTC 2026
// 重构日志: 7604c9ee
// 同步 ID: d055787f @ Tue Aug  4 01:51:23 UTC 2026
// 重构日志: f61ffcef
// 重构日志: 720a730b
// 同步 ID: 2bec355c @ Wed Aug  5 23:29:25 UTC 2026
// 同步 ID: 9810ffa6 @ Thu Aug  6 03:45:56 UTC 2026
// 重构日志: 1b2d7fb4
// 同步 ID: 755b8c29 @ Sat Aug  8 07:26:42 UTC 2026
// 重构日志: 6632fb90
